time="2025-12-03T21:48:41+11:00" level=info msg="******APPLICATION STARTED*******"
time="2025-12-03T22:40:30+11:00" level=info msg="******APPLICATION STARTED*******"
time="2025-12-03T22:40:56+11:00" level=info msg="Request upload from::: ::1"
time="2025-12-03T22:40:56+11:00" level=debug msg="Virus detected::: preview.html"
time="2025-12-03T22:42:18+11:00" level=info msg="******APPLICATION STARTED*******"
time="2025-12-03T22:42:21+11:00" level=info msg="Request upload from::: ::1"
time="2025-12-03T22:42:21+11:00" level=debug msg="Save file completed::: preview.html"
time="2025-12-03T22:42:21+11:00" level=error msg="Failed to save to database"
time="2025-12-03T22:42:49+11:00" level=info msg="Request upload from::: ::1"
time="2025-12-03T22:42:49+11:00" level=debug msg="Save file completed::: preview.html"
time="2025-12-03T22:42:49+11:00" level=error msg="Failed to save to database"
time="2025-12-03T22:56:39+11:00" level=info msg="******APPLICATION STARTED*******"
time="2025-12-03T22:56:43+11:00" level=info msg="Request upload from::: ::1"
time="2025-12-03T22:56:43+11:00" level=debug msg="Save file completed::: preview.html"
time="2025-12-03T22:56:43+11:00" level=error msg="Failed to save to database"
time="2025-12-03T22:57:05+11:00" level=info msg="Request upload from::: ::1"
time="2025-12-03T22:57:05+11:00" level=debug msg="Save file completed::: preview.html"
time="2025-12-03T22:57:05+11:00" level=error msg="Failed to save to database"
time="2025-12-03T22:59:46+11:00" level=info msg="******APPLICATION STARTED*******"
time="2025-12-03T23:00:50+11:00" level=info msg="Request upload from::: ::1"
time="2025-12-03T23:00:50+11:00" level=debug msg="Save file completed::: Upload_File.png"
time="2025-12-03T23:00:50+11:00" level=error msg="Failed to save to database"
time="2025-12-03T23:01:38+11:00" level=info msg="Request upload from::: ::1"
time="2025-12-03T23:01:38+11:00" level=debug msg="Save file completed::: Upload_File.png"
time="2025-12-03T23:01:38+11:00" level=error msg="Failed to save to database"
time="2025-12-03T23:01:46+11:00" level=info msg="Request upload from::: ::1"
time="2025-12-03T23:01:46+11:00" level=debug msg="Save file completed::: Upload_File.png"
time="2025-12-03T23:01:46+11:00" level=error msg="Failed to save to database"
time="2025-12-03T23:02:12+11:00" level=info msg="Request upload from::: ::1"
time="2025-12-03T23:02:12+11:00" level=debug msg="Save file completed::: Upload_File.png"
time="2025-12-03T23:02:12+11:00" level=error msg="Failed to save to database"
time="2025-12-03T23:02:27+11:00" level=info msg="Request upload from::: ::1"
time="2025-12-03T23:02:27+11:00" level=debug msg="Save file completed::: Upload_File.png"
time="2025-12-03T23:02:27+11:00" level=error msg="Failed to save to database"
time="2025-12-03T23:05:10+11:00" level=info msg="******APPLICATION STARTED*******"
time="2025-12-03T23:05:14+11:00" level=info msg="Request upload from::: ::1"
time="2025-12-03T23:05:14+11:00" level=debug msg="Save file completed::: preview.html"
time="2025-12-03T23:05:14+11:00" level=error msg="Failed to save to database"
time="2025-12-03T23:05:29+11:00" level=info msg="Request upload from::: ::1"
time="2025-12-03T23:05:29+11:00" level=debug msg="Save file completed::: preview.html"
time="2025-12-03T23:05:29+11:00" level=error msg="Failed to save to database"
time="2025-12-03T23:06:52+11:00" level=info msg="******APPLICATION STARTED*******"
time="2025-12-03T23:06:59+11:00" level=info msg="Request upload from::: ::1"
time="2025-12-03T23:06:59+11:00" level=debug msg="Save file completed::: preview.html"
time="2025-12-03T23:08:22+11:00" level=info msg="******APPLICATION STARTED*******"
time="2025-12-03T23:08:29+11:00" level=info msg="Request upload from::: ::1"
time="2025-12-03T23:08:29+11:00" level=debug msg="Save file completed::: preview.html"
time="2025-12-03T23:11:06+11:00" level=info msg="******APPLICATION STARTED*******"
time="2025-12-03T23:11:20+11:00" level=info msg="Request upload from::: ::1"
time="2025-12-03T23:11:20+11:00" level=debug msg="Save file completed::: preview.html"
time="2025-12-03T23:11:47+11:00" level=info msg="******APPLICATION STARTED*******"
time="2025-12-03T23:11:52+11:00" level=info msg="Request upload from::: ::1"
time="2025-12-03T23:11:52+11:00" level=debug msg="Save file completed::: preview.html"
time="2025-12-03T23:14:07+11:00" level=info msg="******APPLICATION STARTED*******"
time="2025-12-03T23:14:11+11:00" level=info msg="Request upload from::: ::1"
time="2025-12-03T23:14:51+11:00" level=info msg="******APPLICATION STARTED*******"
time="2025-12-03T23:14:57+11:00" level=info msg="Request upload from::: ::1"
time="2025-12-03T23:14:57+11:00" level=debug msg="Save file completed::: preview.html"
time="2025-12-03T23:19:12+11:00" level=info msg="******APPLICATION STARTED*******"
time="2025-12-03T23:19:20+11:00" level=info msg="Request upload from::: ::1"
time="2025-12-03T23:19:20+11:00" level=debug msg="Save file completed::: preview.html"
time="2025-12-03T23:20:06+11:00" level=info msg="Request upload from::: ::1"
time="2025-12-03T23:20:06+11:00" level=debug msg="Save file completed::: test.http"
time="2025-12-04T23:23:31+11:00" level=info msg="******APPLICATION STARTED*******"
